convex/cronHelpers.ts(56,44): error TS2339: Property 'punishments' does not exist on type '{ sessions: { markSessionCompleting: FunctionReference<"mutation", "internal", { sessionId: Id<"sessions">; }, null, string | undefined>; }; }'.
convex/crons.ts(12,36): error TS2339: Property 'cronHelpers' does not exist on type '{ sessions: { markSessionCompleting: FunctionReference<"mutation", "internal", { sessionId: Id<"sessions">; }, null, string | undefined>; }; }'.
convex/crons.ts(14,36): error TS2339: Property 'cronHelpers' does not exist on type '{ sessions: { markSessionCompleting: FunctionReference<"mutation", "internal", { sessionId: Id<"sessions">; }, null, string | undefined>; }; }'.
convex/crons.ts(23,12): error TS2339: Property 'crons' does not exist on type '{ sessions: { markSessionCompleting: FunctionReference<"mutation", "internal", { sessionId: Id<"sessions">; }, null, string | undefined>; }; }'.
convex/punishments.ts(228,53): error TS2339: Property 'tasks' does not exist on type '{ sessions: { markSessionCompleting: FunctionReference<"mutation", "internal", { sessionId: Id<"sessions">; }, null, string | undefined>; }; }'.
convex/sessions.ts(136,36): error TS2339: Property 'punishments' does not exist on type '{ sessions: { markSessionCompleting: FunctionReference<"mutation", "internal", { sessionId: Id<"sessions">; }, null, string | undefined>; }; }'.
src/ai/check-model.ts(1,7): error TS2451: Cannot redeclare block-scoped variable 'apiKey'.
src/ai/flows/ai-generated-tasks.ts(4,30): error TS7016: Could not find a declaration file for module 'uuid'. 'C:/Users/acer/Documents/LockedIn-AI/node_modules/uuid/dist/esm-browser/index.js' implicitly has an 'any' type.
  Try `npm i --save-dev @types/uuid` if it exists or add a new declaration (.d.ts) file containing `declare module 'uuid';`
src/ai/list-models.ts(1,7): error TS2451: Cannot redeclare block-scoped variable 'apiKey'.
src/app/onboarding/review/page.tsx(32,9): error TS2322: Type 'string | null' is not assignable to type 'string'.
  Type 'null' is not assignable to type 'string'.
src/app/onboarding/review/page.tsx(33,9): error TS2322: Type 'string | null' is not assignable to type 'string'.
  Type 'null' is not assignable to type 'string'.
src/app/onboarding/review/page.tsx(42,11): error TS2322: Type 'number' is not assignable to type 'string'.
src/components/auth/route-guard.tsx(6,21): error TS2307: Cannot find module '../../../../convex/_generated/api' or its corresponding type declarations.
src/components/task-card.tsx(25,23): error TS2367: This comparison appears to be unintentional because the types '"Pending"' and '"Completed"' have no overlap.
src/components/task-card.tsx(26,20): error TS2367: This comparison appears to be unintentional because the types '"Pending"' and '"Failed"' have no overlap.
src/components/ui/calendar.tsx(57,9): error TS2353: Object literal may only specify known properties, and 'IconLeft' does not exist in type 'Partial<CustomComponents>'.
src/components/ui/calendar.tsx(57,22): error TS7031: Binding element 'className' implicitly has an 'any' type.
src/components/ui/calendar.tsx(60,23): error TS7031: Binding element 'className' implicitly has an 'any' type.
src/components/ui/password-input.tsx(5,17): error TS2305: Module '"@/components/ui/input"' has no exported member 'InputProps'.
src/components/views/chat-view.tsx(55,49): error TS2367: This comparison appears to be unintentional because the types '"Pending"' and '"Failed"' have no overlap.
